------------------------------------------------------------
Timing Analyzer Summary
------------------------------------------------------------

Type  : Slow 1200mV 85C Model Setup 'CLK'
Slack : -2.170
TNS   : -35.797

Type  : Slow 1200mV 85C Model Setup 'div_frec:inst8|cuenta[26]'
Slack : -1.184
TNS   : -3.547

Type  : Slow 1200mV 85C Model Hold 'div_frec:inst8|cuenta[26]'
Slack : 0.348
TNS   : 0.000

Type  : Slow 1200mV 85C Model Hold 'CLK'
Slack : 0.356
TNS   : 0.000

Type  : Slow 1200mV 85C Model Minimum Pulse Width 'CLK'
Slack : -3.000
TNS   : -40.881

Type  : Slow 1200mV 85C Model Minimum Pulse Width 'div_frec:inst8|cuenta[26]'
Slack : -1.403
TNS   : -4.209

Type  : Slow 1200mV 0C Model Setup 'CLK'
Slack : -1.842
TNS   : -29.631

Type  : Slow 1200mV 0C Model Setup 'div_frec:inst8|cuenta[26]'
Slack : -0.991
TNS   : -2.970

Type  : Slow 1200mV 0C Model Hold 'div_frec:inst8|cuenta[26]'
Slack : 0.311
TNS   : 0.000

Type  : Slow 1200mV 0C Model Hold 'CLK'
Slack : 0.322
TNS   : 0.000

Type  : Slow 1200mV 0C Model Minimum Pulse Width 'CLK'
Slack : -3.000
TNS   : -40.881

Type  : Slow 1200mV 0C Model Minimum Pulse Width 'div_frec:inst8|cuenta[26]'
Slack : -1.403
TNS   : -4.209

Type  : Fast 1200mV 0C Model Setup 'CLK'
Slack : -0.757
TNS   : -1.377

Type  : Fast 1200mV 0C Model Setup 'div_frec:inst8|cuenta[26]'
Slack : 0.092
TNS   : 0.000

Type  : Fast 1200mV 0C Model Hold 'div_frec:inst8|cuenta[26]'
Slack : 0.152
TNS   : 0.000

Type  : Fast 1200mV 0C Model Hold 'CLK'
Slack : 0.153
TNS   : 0.000

Type  : Fast 1200mV 0C Model Minimum Pulse Width 'CLK'
Slack : -3.000
TNS   : -31.157

Type  : Fast 1200mV 0C Model Minimum Pulse Width 'div_frec:inst8|cuenta[26]'
Slack : -1.000
TNS   : -3.000

------------------------------------------------------------
